on the ropes 
австрал., сл.
в безнадежной ситуации ; 
 близкий к полному краху 
________________________________________________________________________________
on the rope 
общ.
связанные верёвкой (об альпинистах)
________________________________________________________________________________